// Jest Snapshot v1, https://goo.gl/fbAQLP

exports[`Badge should render component 1`] = `
<div>
  <span
    class="badge"
  />
</div>
`;
