// Jest Snapshot v1, https://goo.gl/fbAQLP

exports[`Button should render component 1`] = `
<div>
  <button
    class="button button_size_medium button_variant_secondary"
  >
    <span
      class="button__content"
    />
  </button>
</div>
`;
