// Jest Snapshot v1, https://goo.gl/fbAQLP

exports[`Box should render component 1`] = `
<div>
  <div
    class="box"
  />
</div>
`;
